2026-08-07T05:07:12.810422Z  WARN ThreadId(01) docker_node: HOTSTUFF_NODE_LEAST_ID=0, HOTSTUFF_NODE_NUM=4
2026-08-07T05:07:12.814198Z  WARN ThreadId(01) hotstuff_runner::telemetry: Prometheus metrics exporter started ✅ listen_addr=0.0.0.0:9893
2026-08-07T05:07:12.814855Z  WARN ThreadId(01) hotstuff_runner::telemetry: ✅ wrote smrol.node_up=1 (boot) node_id=3
2026-08-07T05:07:33.020026Z  WARN ThreadId(01) hotstuff_runner::tcp_node: Node 3 view timeout set to 2000 ms
2026-08-07T05:07:33.037986Z ERROR ThreadId(23) hotstuff_runner::pompe_network: Node 3 failed to connect to node 0: Connection refused (os error 111)
2026-08-07T05:07:33.044657Z  WARN ThreadId(01) hotstuff_runner::smrol::sequencing: SMROL_MEDIAN_INFLIGHT=3, SMROL_ORDER_FINALIZE_INFLIGHT=3, SMROL_FINAL_SIGN_INFLIGHT=3, SMROL_FINAL_VERIFY_INFLIGHT=3
2026-08-07T05:07:33.052062Z  WARN ThreadId(01) hotstuff_runner::smrol::sequencing: [Sequencing] Node 3 multi-signature verification disabled: false
2026-08-07T05:07:33.060574Z  WARN ThreadId(06) hotstuff_runner::smrol::sequencing: [Sequencing] Node 3 final verify dispatcher started
2026-08-07T05:07:33.062601Z  WARN ThreadId(05) docker_node:   Connection reuse ineffective (2.0 msg/conn)
2026-08-07T05:07:35.022641Z  WARN ThreadId(21) hotstuff_runner::tcp_node: Node 3 view 0 timed out; latency may accumulate
2026-08-07T05:07:35.032851Z  WARN ThreadId(20) hotstuff_runner::app: Node 3 [produce_block] queue size: 0, attempting up to 0 transactions this block    
2026-08-07T05:07:35.100335Z  WARN ThreadId(20) hotstuff_runner::app: Node 3 [produce_block] queue size: 0, attempting up to 0 transactions this block    
2026-08-07T05:07:35.147219Z  WARN ThreadId(20) hotstuff_runner::app: Node 3 [produce_block] queue size: 0, attempting up to 0 transactions this block    
2026-08-07T05:07:35.185747Z  WARN ThreadId(20) hotstuff_runner::app: Node 3 [produce_block] queue size: 0, attempting up to 0 transactions this block    
2026-08-07T05:07:35.270648Z  WARN ThreadId(20) hotstuff_runner::app: Node 3 [produce_block] queue size: 0, attempting up to 0 transactions this block    
2026-08-07T05:07:35.351219Z  WARN ThreadId(20) hotstuff_runner::app: Node 3 [produce_block] queue size: 0, attempting up to 0 transactions this block    
2026-08-07T05:07:35.443561Z  WARN ThreadId(20) hotstuff_runner::app: Node 3 [produce_block] queue size: 0, attempting up to 0 transactions this block    
2026-08-07T05:07:35.638689Z  WARN ThreadId(20) hotstuff_runner::app: Node 3 [produce_block] queue size: 0, attempting up to 0 transactions this block    
2026-08-07T05:07:35.705586Z  WARN ThreadId(20) hotstuff_runner::app: Node 3 [produce_block] queue size: 0, attempting up to 0 transactions this block    
2026-08-07T05:07:35.765323Z  WARN ThreadId(20) hotstuff_runner::app: Node 3 [produce_block] queue size: 0, attempting up to 0 transactions this block    
2026-08-07T05:07:35.820122Z  WARN ThreadId(20) hotstuff_runner::app: Node 3 [produce_block] queue size: 0, attempting up to 0 transactions this block    
2026-08-07T05:07:35.875177Z  WARN ThreadId(20) hotstuff_runner::app: Node 3 [produce_block] queue size: 0, attempting up to 0 transactions this block    
2026-08-07T05:07:36.058656Z  WARN ThreadId(20) hotstuff_runner::app: Node 3 [produce_block] queue size: 0, attempting up to 0 transactions this block    
2026-08-07T05:07:36.225812Z  WARN ThreadId(20) hotstuff_runner::app: Node 3 [produce_block] queue size: 0, attempting up to 0 transactions this block    
2026-08-07T05:07:36.273982Z  WARN ThreadId(20) hotstuff_runner::app: Node 3 [produce_block] queue size: 0, attempting up to 0 transactions this block    
2026-08-07T05:07:36.340242Z  WARN ThreadId(20) hotstuff_runner::app: Node 3 [produce_block] queue size: 0, attempting up to 0 transactions this block    
2026-08-07T05:07:36.430139Z  WARN ThreadId(20) hotstuff_runner::app: Node 3 [produce_block] queue size: 0, attempting up to 0 transactions this block    
2026-08-07T05:07:36.463094Z  WARN ThreadId(20) hotstuff_runner::app: Node 3 [produce_block] queue size: 0, attempting up to 0 transactions this block    
2026-08-07T05:07:36.498423Z  WARN ThreadId(20) hotstuff_runner::app: Node 3 [produce_block] queue size: 0, attempting up to 0 transactions this block    
2026-08-07T05:07:36.531350Z  WARN ThreadId(20) hotstuff_runner::app: Node 3 [produce_block] queue size: 0, attempting up to 0 transactions this block    
2026-08-07T05:07:36.568073Z  WARN ThreadId(20) hotstuff_runner::app: Node 3 [produce_block] queue size: 0, attempting up to 0 transactions this block    
2026-08-07T05:07:36.605991Z  WARN ThreadId(20) hotstuff_runner::app: Node 3 [produce_block] queue size: 0, attempting up to 0 transactions this block    
2026-08-07T05:07:36.646027Z  WARN ThreadId(20) hotstuff_runner::app: Node 3 [produce_block] queue size: 0, attempting up to 0 transactions this block    
2026-08-07T05:07:36.759818Z  WARN ThreadId(20) hotstuff_runner::app: Node 3 [produce_block] queue size: 0, attempting up to 0 transactions this block    
2026-08-07T05:07:36.789899Z  WARN ThreadId(20) hotstuff_runner::app: Node 3 [produce_block] queue size: 0, attempting up to 0 transactions this block    
2026-08-07T05:07:36.826211Z  WARN ThreadId(20) hotstuff_runner::app: Node 3 [produce_block] queue size: 0, attempting up to 0 transactions this block    
2026-08-07T05:07:36.868018Z  WARN ThreadId(20) hotstuff_runner::app: Node 3 [produce_block] queue size: 0, attempting up to 0 transactions this block    
2026-08-07T05:07:36.916726Z  WARN ThreadId(20) hotstuff_runner::app: Node 3 [produce_block] queue size: 0, attempting up to 0 transactions this block    
2026-08-07T05:07:36.957215Z  WARN ThreadId(20) hotstuff_runner::app: Node 3 [produce_block] queue size: 0, attempting up to 0 transactions this block    
2026-08-07T05:07:37.002302Z  WARN ThreadId(20) hotstuff_runner::app: Node 3 [produce_block] queue size: 0, attempting up to 0 transactions this block    
2026-08-07T05:07:37.042037Z  WARN ThreadId(20) hotstuff_runner::app: Node 3 [produce_block] queue size: 0, attempting up to 0 transactions this block    
2026-08-07T05:07:37.103742Z  WARN ThreadId(20) hotstuff_runner::app: Node 3 [produce_block] queue size: 0, attempting up to 0 transactions this block    
2026-08-07T05:07:37.133625Z  WARN ThreadId(20) hotstuff_runner::app: Node 3 [produce_block] queue size: 0, attempting up to 0 transactions this block    
2026-08-07T05:07:37.164401Z  WARN ThreadId(20) hotstuff_runner::app: Node 3 [produce_block] queue size: 0, attempting up to 0 transactions this block    
2026-08-07T05:07:37.167329Z  WARN ThreadId(20) hotstuff_runner::app: Node 3 view(134) far exceeds block count (33); potential sync issue    
2026-08-07T05:07:37.192015Z  WARN ThreadId(20) hotstuff_runner::app: Node 3 [produce_block] queue size: 0, attempting up to 0 transactions this block    
2026-08-07T05:07:37.193311Z  WARN ThreadId(20) hotstuff_runner::app: Node 3 view(138) far exceeds block count (34); potential sync issue    
2026-08-07T05:07:37.244139Z  WARN ThreadId(20) hotstuff_runner::app: Node 3 [produce_block] queue size: 0, attempting up to 0 transactions this block    
2026-08-07T05:07:37.245784Z  WARN ThreadId(20) hotstuff_runner::app: Node 3 view(142) far exceeds block count (35); potential sync issue    
2026-08-07T05:07:37.300410Z  WARN ThreadId(20) hotstuff_runner::app: Node 3 [produce_block] queue size: 0, attempting up to 0 transactions this block    
2026-08-07T05:07:37.301470Z  WARN ThreadId(20) hotstuff_runner::app: Node 3 view(146) far exceeds block count (36); potential sync issue    
2026-08-07T05:07:37.355366Z  WARN ThreadId(20) hotstuff_runner::app: Node 3 [produce_block] queue size: 0, attempting up to 0 transactions this block    
2026-08-07T05:07:37.364459Z  WARN ThreadId(20) hotstuff_runner::app: Node 3 view(150) far exceeds block count (37); potential sync issue    
2026-08-07T05:07:37.399639Z  WARN ThreadId(20) hotstuff_runner::app: Node 3 [produce_block] queue size: 0, attempting up to 0 transactions this block    
2026-08-07T05:07:37.405262Z  WARN ThreadId(20) hotstuff_runner::app: Node 3 view(154) far exceeds block count (38); potential sync issue    
2026-08-07T05:07:37.427926Z  WARN ThreadId(20) hotstuff_runner::app: Node 3 [produce_block] queue size: 0, attempting up to 0 transactions this block    
2026-08-07T05:07:37.429007Z  WARN ThreadId(20) hotstuff_runner::app: Node 3 view(158) far exceeds block count (39); potential sync issue    
2026-08-07T05:07:37.460942Z  WARN ThreadId(20) hotstuff_runner::app: Node 3 [produce_block] queue size: 0, attempting up to 0 transactions this block    
2026-08-07T05:07:37.463321Z  WARN ThreadId(20) hotstuff_runner::app: Node 3 view(162) far exceeds block count (40); potential sync issue    
2026-08-07T05:07:37.492412Z  WARN ThreadId(20) hotstuff_runner::app: Node 3 [produce_block] queue size: 0, attempting up to 0 transactions this block    
2026-08-07T05:07:37.493071Z  WARN ThreadId(20) hotstuff_runner::app: Node 3 view(166) far exceeds block count (41); potential sync issue    
2026-08-07T05:07:37.523418Z  WARN ThreadId(20) hotstuff_runner::app: Node 3 [produce_block] queue size: 0, attempting up to 0 transactions this block    
2026-08-07T05:07:37.523701Z  WARN ThreadId(20) hotstuff_runner::app: Node 3 view(170) far exceeds block count (42); potential sync issue    
2026-08-07T05:07:37.567288Z  WARN ThreadId(20) hotstuff_runner::app: Node 3 [produce_block] queue size: 0, attempting up to 0 transactions this block    
2026-08-07T05:07:37.568343Z  WARN ThreadId(20) hotstuff_runner::app: Node 3 view(174) far exceeds block count (43); potential sync issue    
2026-08-07T05:07:37.606735Z  WARN ThreadId(20) hotstuff_runner::app: Node 3 [produce_block] queue size: 0, attempting up to 0 transactions this block    
2026-08-07T05:07:37.607829Z  WARN ThreadId(20) hotstuff_runner::app: Node 3 view(178) far exceeds block count (44); potential sync issue    
2026-08-07T05:07:37.637415Z  WARN ThreadId(20) hotstuff_runner::app: Node 3 [produce_block] queue size: 0, attempting up to 0 transactions this block    
2026-08-07T05:07:37.637890Z  WARN ThreadId(20) hotstuff_runner::app: Node 3 view(182) far exceeds block count (45); potential sync issue    
2026-08-07T05:07:37.664335Z  WARN ThreadId(20) hotstuff_runner::app: Node 3 [produce_block] queue size: 0, attempting up to 0 transactions this block    
2026-08-07T05:07:37.664594Z  WARN ThreadId(20) hotstuff_runner::app: Node 3 view(186) far exceeds block count (46); potential sync issue    
2026-08-07T05:07:37.725946Z  WARN ThreadId(20) hotstuff_runner::app: Node 3 [produce_block] queue size: 0, attempting up to 0 transactions this block    
2026-08-07T05:07:37.726300Z  WARN ThreadId(20) hotstuff_runner::app: Node 3 view(190) far exceeds block count (47); potential sync issue    
2026-08-07T05:07:37.754042Z  WARN ThreadId(20) hotstuff_runner::app: Node 3 [produce_block] queue size: 0, attempting up to 0 transactions this block    
2026-08-07T05:07:37.754303Z  WARN ThreadId(20) hotstuff_runner::app: Node 3 view(194) far exceeds block count (48); potential sync issue    
2026-08-07T05:07:37.799812Z  WARN ThreadId(20) hotstuff_runner::app: Node 3 [produce_block] queue size: 0, attempting up to 0 transactions this block    
2026-08-07T05:07:37.799974Z  WARN ThreadId(20) hotstuff_runner::app: Node 3 view(198) far exceeds block count (49); potential sync issue    
2026-08-07T05:07:37.842674Z  WARN ThreadId(20) hotstuff_runner::app: Node 3 [produce_block] queue size: 0, attempting up to 0 transactions this block    
2026-08-07T05:07:37.843157Z  WARN ThreadId(20) hotstuff_runner::app: Node 3 view(202) far exceeds block count (50); potential sync issue    
2026-08-07T05:07:37.887653Z  WARN ThreadId(20) hotstuff_runner::app: Node 3 [produce_block] queue size: 0, attempting up to 0 transactions this block    
2026-08-07T05:07:37.888056Z  WARN ThreadId(20) hotstuff_runner::app: Node 3 view(206) far exceeds block count (51); potential sync issue    
2026-08-07T05:07:37.923062Z  WARN ThreadId(20) hotstuff_runner::app: Node 3 [produce_block] queue size: 0, attempting up to 0 transactions this block    
2026-08-07T05:07:37.924933Z  WARN ThreadId(20) hotstuff_runner::app: Node 3 view(210) far exceeds block count (52); potential sync issue    
2026-08-07T05:07:37.973799Z  WARN ThreadId(20) hotstuff_runner::app: Node 3 [produce_block] queue size: 0, attempting up to 0 transactions this block    
2026-08-07T05:07:37.974814Z  WARN ThreadId(20) hotstuff_runner::app: Node 3 view(214) far exceeds block count (53); potential sync issue    
2026-08-07T05:07:38.023118Z  WARN ThreadId(20) hotstuff_runner::app: Node 3 [produce_block] queue size: 0, attempting up to 0 transactions this block    
2026-08-07T05:07:38.023810Z  WARN ThreadId(20) hotstuff_runner::app: Node 3 view(218) far exceeds block count (54); potential sync issue    
2026-08-07T05:07:38.062570Z  WARN ThreadId(05) docker_node:   Connection reuse ineffective (2.0 msg/conn)
2026-08-07T05:07:38.063603Z  WARN ThreadId(01) docker_node: Node 1 port 20001 temporarily unreachable: Connection refused (os error 111)
2026-08-07T05:07:38.064283Z  WARN ThreadId(01) docker_node: Node 2 port 20002 temporarily unreachable: Connection refused (os error 111)
2026-08-07T05:07:38.064631Z  WARN ThreadId(01) docker_node: Node 3 port 20003 temporarily unreachable: Connection refused (os error 111)
2026-08-07T05:07:38.072528Z  WARN ThreadId(20) hotstuff_runner::app: Node 3 [produce_block] queue size: 0, attempting up to 0 transactions this block    
2026-08-07T05:07:38.072752Z  WARN ThreadId(20) hotstuff_runner::app: Node 3 view(222) far exceeds block count (55); potential sync issue    
2026-08-07T05:07:38.129386Z  WARN ThreadId(20) hotstuff_runner::app: Node 3 [produce_block] queue size: 0, attempting up to 0 transactions this block    
2026-08-07T05:07:38.129543Z  WARN ThreadId(20) hotstuff_runner::app: Node 3 view(226) far exceeds block count (56); potential sync issue    
2026-08-07T05:07:38.166039Z  WARN ThreadId(20) hotstuff_runner::app: Node 3 [produce_block] queue size: 0, attempting up to 0 transactions this block    
2026-08-07T05:07:38.166454Z  WARN ThreadId(20) hotstuff_runner::app: Node 3 view(230) far exceeds block count (57); potential sync issue    
2026-08-07T05:07:38.195930Z  WARN ThreadId(20) hotstuff_runner::app: Node 3 [produce_block] queue size: 0, attempting up to 0 transactions this block    
2026-08-07T05:07:38.196191Z  WARN ThreadId(20) hotstuff_runner::app: Node 3 view(234) far exceeds block count (58); potential sync issue    
2026-08-07T05:07:38.233592Z  WARN ThreadId(20) hotstuff_runner::app: Node 3 [produce_block] queue size: 0, attempting up to 0 transactions this block    
2026-08-07T05:07:38.234554Z  WARN ThreadId(20) hotstuff_runner::app: Node 3 view(238) far exceeds block count (59); potential sync issue    
2026-08-07T05:07:38.259262Z  WARN ThreadId(20) hotstuff_runner::app: Node 3 [produce_block] queue size: 0, attempting up to 0 transactions this block    
2026-08-07T05:07:38.259929Z  WARN ThreadId(20) hotstuff_runner::app: Node 3 view(242) far exceeds block count (60); potential sync issue    
2026-08-07T05:07:38.289143Z  WARN ThreadId(20) hotstuff_runner::app: Node 3 [produce_block] queue size: 0, attempting up to 0 transactions this block    
2026-08-07T05:07:38.289459Z  WARN ThreadId(20) hotstuff_runner::app: Node 3 view(246) far exceeds block count (61); potential sync issue    
2026-08-07T05:07:38.324335Z  WARN ThreadId(20) hotstuff_runner::app: Node 3 [produce_block] queue size: 0, attempting up to 0 transactions this block    
2026-08-07T05:07:38.324597Z  WARN ThreadId(20) hotstuff_runner::app: Node 3 view(250) far exceeds block count (62); potential sync issue    
2026-08-07T05:07:38.357214Z  WARN ThreadId(20) hotstuff_runner::app: Node 3 [produce_block] queue size: 0, attempting up to 0 transactions this block    
2026-08-07T05:07:38.357639Z  WARN ThreadId(20) hotstuff_runner::app: Node 3 view(254) far exceeds block count (63); potential sync issue    
2026-08-07T05:07:38.385798Z  WARN ThreadId(20) hotstuff_runner::app: Node 3 [produce_block] queue size: 0, attempting up to 0 transactions this block    
2026-08-07T05:07:38.388173Z  WARN ThreadId(20) hotstuff_runner::app: Node 3 view(258) far exceeds block count (64); potential sync issue    
2026-08-07T05:07:38.421810Z  WARN ThreadId(20) hotstuff_runner::app: Node 3 [produce_block] queue size: 0, attempting up to 0 transactions this block    
2026-08-07T05:07:38.422250Z  WARN ThreadId(20) hotstuff_runner::app: Node 3 view(262) far exceeds block count (65); potential sync issue    
2026-08-07T05:07:38.453213Z  WARN ThreadId(20) hotstuff_runner::app: Node 3 [produce_block] queue size: 0, attempting up to 0 transactions this block    
2026-08-07T05:07:38.453714Z  WARN ThreadId(20) hotstuff_runner::app: Node 3 view(266) far exceeds block count (66); potential sync issue    
2026-08-07T05:07:38.492049Z  WARN ThreadId(20) hotstuff_runner::app: Node 3 [produce_block] queue size: 0, attempting up to 0 transactions this block    
2026-08-07T05:07:38.492426Z  WARN ThreadId(20) hotstuff_runner::app: Node 3 view(270) far exceeds block count (67); potential sync issue    
2026-08-07T05:07:38.539798Z  WARN ThreadId(20) hotstuff_runner::app: Node 3 [produce_block] queue size: 0, attempting up to 0 transactions this block    
2026-08-07T05:07:38.540215Z  WARN ThreadId(20) hotstuff_runner::app: Node 3 view(274) far exceeds block count (68); potential sync issue    
2026-08-07T05:07:38.801920Z  WARN ThreadId(20) hotstuff_runner::app: Node 3 [produce_block] queue size: 17547, attempting up to 17547 transactions this block    
2026-08-07T05:07:38.807374Z  WARN ThreadId(20) hotstuff_runner::app: Node 3 view(278) far exceeds block count (69); potential sync issue    
2026-08-07T05:07:39.122080Z  WARN ThreadId(20) hotstuff_runner::app: Node 3 [produce_block] queue size: 8774, attempting up to 8774 transactions this block    
2026-08-07T05:07:39.151745Z  WARN ThreadId(20) hotstuff_runner::app: Node 3 view(282) far exceeds block count (70); potential sync issue    
2026-08-07T05:07:39.459718Z  WARN ThreadId(20) hotstuff_runner::app: Node 3 [produce_block] queue size: 10528, attempting up to 10528 transactions this block    
2026-08-07T05:07:39.487012Z  WARN ThreadId(20) hotstuff_runner::app: Node 3 view(286) far exceeds block count (71); potential sync issue    
2026-08-07T05:07:39.687827Z  WARN ThreadId(20) hotstuff_runner::app: Node 3 [produce_block] queue size: 7019, attempting up to 7019 transactions this block    
2026-08-07T05:07:39.713650Z  WARN ThreadId(20) hotstuff_runner::app: Node 3 view(290) far exceeds block count (72); potential sync issue    
2026-08-07T05:07:39.892178Z  WARN ThreadId(20) hotstuff_runner::app: Node 3 [produce_block] queue size: 0, attempting up to 0 transactions this block    
2026-08-07T05:07:39.894391Z  WARN ThreadId(20) hotstuff_runner::app: Node 3 view(294) far exceeds block count (73); potential sync issue    
2026-08-07T05:07:40.072360Z  WARN ThreadId(20) hotstuff_runner::app: Node 3 [produce_block] queue size: 5265, attempting up to 5265 transactions this block    
2026-08-07T05:07:40.078020Z  WARN ThreadId(20) hotstuff_runner::app: Node 3 view(298) far exceeds block count (74); potential sync issue    
2026-08-07T05:07:40.385517Z  WARN ThreadId(20) hotstuff_runner::app: Node 3 [produce_block] queue size: 7019, attempting up to 7019 transactions this block    
2026-08-07T05:07:40.388593Z  WARN ThreadId(20) hotstuff_runner::app: Node 3 view(302) far exceeds block count (75); potential sync issue    
2026-08-07T05:07:40.520563Z  WARN ThreadId(20) hotstuff_runner::app: Node 3 [produce_block] queue size: 0, attempting up to 0 transactions this block    
2026-08-07T05:07:40.528516Z  WARN ThreadId(20) hotstuff_runner::app: Node 3 view(306) far exceeds block count (76); potential sync issue    
2026-08-07T05:07:40.693385Z  WARN ThreadId(20) hotstuff_runner::app: Node 3 [produce_block] queue size: 7019, attempting up to 7019 transactions this block    
2026-08-07T05:07:40.697412Z  WARN ThreadId(20) hotstuff_runner::app: Node 3 view(310) far exceeds block count (77); potential sync issue    
2026-08-07T05:07:40.981880Z  WARN ThreadId(20) hotstuff_runner::app: Node 3 [produce_block] queue size: 7019, attempting up to 7019 transactions this block    
2026-08-07T05:07:40.992925Z  WARN ThreadId(20) hotstuff_runner::app: Node 3 view(314) far exceeds block count (78); potential sync issue    
2026-08-07T05:07:41.210063Z  WARN ThreadId(20) hotstuff_runner::app: Node 3 [produce_block] queue size: 10528, attempting up to 10528 transactions this block    
2026-08-07T05:07:41.215502Z  WARN ThreadId(20) hotstuff_runner::app: Node 3 view(318) far exceeds block count (79); potential sync issue    
2026-08-07T05:07:41.401500Z  WARN ThreadId(20) hotstuff_runner::app: Node 3 [produce_block] queue size: 0, attempting up to 0 transactions this block    
2026-08-07T05:07:41.406744Z  WARN ThreadId(20) hotstuff_runner::app: Node 3 view(322) far exceeds block count (80); potential sync issue    
2026-08-07T05:07:41.590860Z  WARN ThreadId(20) hotstuff_runner::app: Node 3 [produce_block] queue size: 10528, attempting up to 10528 transactions this block    
2026-08-07T05:07:41.596631Z  WARN ThreadId(20) hotstuff_runner::app: Node 3 view(326) far exceeds block count (81); potential sync issue    
2026-08-07T05:07:41.834506Z  WARN ThreadId(20) hotstuff_runner::app: Node 3 [produce_block] queue size: 7019, attempting up to 7019 transactions this block    
2026-08-07T05:07:41.837255Z  WARN ThreadId(20) hotstuff_runner::app: Node 3 view(330) far exceeds block count (82); potential sync issue    
2026-08-07T05:07:42.210774Z  WARN ThreadId(20) hotstuff_runner::app: Node 3 [produce_block] queue size: 15793, attempting up to 15793 transactions this block    
2026-08-07T05:07:42.260777Z  WARN ThreadId(20) hotstuff_runner::app: Node 3 view(334) far exceeds block count (83); potential sync issue    
2026-08-07T05:07:42.437988Z  WARN ThreadId(20) hotstuff_runner::app: Node 3 [produce_block] queue size: 0, attempting up to 0 transactions this block    
2026-08-07T05:07:42.438552Z  WARN ThreadId(20) hotstuff_runner::app: Node 3 view(338) far exceeds block count (84); potential sync issue    
2026-08-07T05:07:42.681945Z  WARN ThreadId(20) hotstuff_runner::app: Node 3 [produce_block] queue size: 8774, attempting up to 8774 transactions this block    
2026-08-07T05:07:42.695765Z  WARN ThreadId(20) hotstuff_runner::app: Node 3 view(342) far exceeds block count (85); potential sync issue    
2026-08-07T05:07:42.872462Z  WARN ThreadId(20) hotstuff_runner::app: Node 3 [produce_block] queue size: 8774, attempting up to 8774 transactions this block    
2026-08-07T05:07:42.892860Z  WARN ThreadId(20) hotstuff_runner::app: Node 3 view(346) far exceeds block count (86); potential sync issue    
2026-08-07T05:07:43.065188Z  WARN ThreadId(09) docker_node:   Connection reuse ineffective (2.0 msg/conn)
2026-08-07T05:07:43.293513Z  WARN ThreadId(26) hotstuff_runner::smrol::network: ⚠️ [Check] Writer 3 -> 2 slow write: 22.264958ms
2026-08-07T05:07:43.587650Z  WARN ThreadId(20) hotstuff_runner::app: Node 3 [produce_block] queue size: 7019, attempting up to 7019 transactions this block    
2026-08-07T05:07:43.592939Z  WARN ThreadId(20) hotstuff_runner::app: Node 3 view(350) far exceeds block count (87); potential sync issue    
2026-08-07T05:07:44.181270Z  WARN ThreadId(20) hotstuff_runner::app: Node 3 [produce_block] queue size: 8774, attempting up to 8774 transactions this block    
2026-08-07T05:07:44.185815Z  WARN ThreadId(20) hotstuff_runner::app: Node 3 view(354) far exceeds block count (88); potential sync issue    
2026-08-07T05:07:44.599523Z  WARN ThreadId(20) hotstuff_runner::app: Node 3 [produce_block] queue size: 7019, attempting up to 7019 transactions this block    
2026-08-07T05:07:44.621432Z  WARN ThreadId(20) hotstuff_runner::app: Node 3 view(358) far exceeds block count (89); potential sync issue    
2026-08-07T05:07:45.079394Z  WARN ThreadId(20) hotstuff_runner::app: Node 3 [produce_block] queue size: 15793, attempting up to 15793 transactions this block    
2026-08-07T05:07:45.095316Z  WARN ThreadId(20) hotstuff_runner::app: Node 3 view(362) far exceeds block count (90); potential sync issue    
2026-08-07T05:07:45.646057Z  WARN ThreadId(20) hotstuff_runner::app: Node 3 [produce_block] queue size: 8774, attempting up to 8774 transactions this block    
2026-08-07T05:07:45.652871Z  WARN ThreadId(20) hotstuff_runner::app: Node 3 view(366) far exceeds block count (91); potential sync issue    
2026-08-07T05:07:46.183220Z  WARN ThreadId(20) hotstuff_runner::app: Node 3 [produce_block] queue size: 15793, attempting up to 15793 transactions this block    
2026-08-07T05:07:46.204784Z  WARN ThreadId(20) hotstuff_runner::app: Node 3 view(370) far exceeds block count (92); potential sync issue    
2026-08-07T05:07:46.709263Z  WARN ThreadId(20) hotstuff_runner::app: Node 3 [produce_block] queue size: 7019, attempting up to 7019 transactions this block    
2026-08-07T05:07:46.723220Z  WARN ThreadId(20) hotstuff_runner::app: Node 3 view(374) far exceeds block count (93); potential sync issue    
2026-08-07T05:07:47.108709Z  WARN ThreadId(20) hotstuff_runner::app: Node 3 [produce_block] queue size: 7019, attempting up to 7019 transactions this block    
2026-08-07T05:07:47.124717Z  WARN ThreadId(20) hotstuff_runner::app: Node 3 view(378) far exceeds block count (94); potential sync issue    
2026-08-07T05:07:47.317937Z  WARN ThreadId(25) hotstuff_runner::smrol::network: ⚠️ [Check] Writer 3 -> 1 slow write: 5.170917ms
2026-08-07T05:07:47.323347Z  WARN ThreadId(26) hotstuff_runner::smrol::network: ⚠️ [Check] Writer 3 -> 2 slow write: 9.607666ms
2026-08-07T05:07:47.719422Z  WARN ThreadId(20) hotstuff_runner::app: Node 3 [produce_block] queue size: 19302, attempting up to 19302 transactions this block    
2026-08-07T05:07:47.768506Z  WARN ThreadId(20) hotstuff_runner::app: Node 3 view(382) far exceeds block count (95); potential sync issue    
2026-08-07T05:07:48.068515Z  WARN ThreadId(06) docker_node: Node 3 Regular transaction queue backlog: 7019 transactions
2026-08-07T05:07:48.071348Z  WARN ThreadId(06) docker_node:   Connection reuse ineffective (2.0 msg/conn)
2026-08-07T05:07:48.568683Z  WARN ThreadId(20) hotstuff_runner::app: Node 3 [produce_block] queue size: 15793, attempting up to 15793 transactions this block    
2026-08-07T05:07:48.581412Z  WARN ThreadId(20) hotstuff_runner::app: Node 3 view(386) far exceeds block count (96); potential sync issue    
2026-08-07T05:07:48.988748Z  WARN ThreadId(26) hotstuff_runner::smrol::network: ⚠️ [Check] Writer 3 -> 0 slow write: 5.843459ms
2026-08-07T05:07:49.226537Z  WARN ThreadId(20) hotstuff_runner::app: Node 3 [produce_block] queue size: 7019, attempting up to 7019 transactions this block    
2026-08-07T05:07:49.229058Z  WARN ThreadId(20) hotstuff_runner::app: Node 3 view(390) far exceeds block count (97); potential sync issue    
2026-08-07T05:07:49.889793Z  WARN ThreadId(20) hotstuff_runner::app: Node 3 [produce_block] queue size: 26321, attempting up to 26321 transactions this block    
2026-08-07T05:07:49.903044Z  WARN ThreadId(20) hotstuff_runner::app: Node 3 view(394) far exceeds block count (98); potential sync issue    
2026-08-07T05:07:51.718523Z  WARN ThreadId(20) hotstuff_runner::app: Node 3 [produce_block] queue size: 56152, attempting up to 56152 transactions this block    
2026-08-07T05:07:51.872777Z  WARN ThreadId(20) hotstuff_runner::app: Node 3 view(398) far exceeds block count (99); potential sync issue    
2026-08-07T05:07:53.062256Z  WARN ThreadId(09) docker_node:   Connection reuse ineffective (2.0 msg/conn)
2026-08-07T05:07:53.066925Z  WARN ThreadId(06) docker_node: Node 3 Regular transaction queue backlog: 33340 transactions
2026-08-07T05:07:53.795116Z  WARN ThreadId(20) hotstuff_runner::app: Node 3 [produce_block] queue size: 57907, attempting up to 57907 transactions this block    
2026-08-07T05:07:53.900040Z  WARN ThreadId(20) hotstuff_runner::app: Node 3 view(402) far exceeds block count (100); potential sync issue    
2026-08-07T05:07:56.564027Z  WARN ThreadId(20) hotstuff_runner::app: Node 3 [produce_block] queue size: 101776, attempting up to 101776 transactions this block    
2026-08-07T05:07:56.717139Z  WARN ThreadId(20) hotstuff_runner::app: Node 3 view(406) far exceeds block count (101); potential sync issue    
2026-08-07T05:07:58.062830Z  WARN ThreadId(03) docker_node:   Connection reuse ineffective (2.0 msg/conn)
2026-08-07T05:07:58.068785Z  WARN ThreadId(03) docker_node: Node 3 Regular transaction queue backlog: 29831 transactions
2026-08-07T05:07:59.371222Z  WARN ThreadId(26) hotstuff_runner::smrol::network: ⚠️ [Check] Writer 3 -> 2 slow write: 6.961458ms
2026-08-07T05:08:00.771229Z  WARN ThreadId(25) hotstuff_runner::smrol::network: ⚠️ [Check] Writer 3 -> 1 slow write: 118.141917ms
2026-08-07T05:08:00.899944Z  WARN ThreadId(26) hotstuff_runner::smrol::network: ⚠️ [Check] Writer 3 -> 1 slow write: 23.12275ms
2026-08-07T05:08:01.152374Z  WARN ThreadId(26) hotstuff_runner::smrol::network: ⚠️ [Check] Writer 3 -> 0 slow write: 12.101625ms
2026-08-07T05:08:02.178192Z  WARN ThreadId(20) hotstuff_runner::app: Node 3 [produce_block] queue size: 154422, attempting up to 154422 transactions this block    
2026-08-07T05:08:02.333752Z  WARN ThreadId(21) hotstuff_runner::tcp_node: Node 3 view 409 timed out; latency may accumulate
2026-08-07T05:08:02.411798Z  WARN ThreadId(26) hotstuff_runner::smrol::network: ⚠️ [Check] Writer 3 -> 2 slow write: 5.265167ms
2026-08-07T05:08:02.577731Z  WARN ThreadId(20) hotstuff_runner::app: Node 3 view(410) far exceeds block count (102); potential sync issue    
2026-08-07T05:08:03.062841Z  WARN ThreadId(09) docker_node:   Connection reuse ineffective (2.0 msg/conn)
2026-08-07T05:08:03.066838Z  WARN ThreadId(07) docker_node: Node 3 Regular transaction queue backlog: 8774 transactions
2026-08-07T05:08:03.303932Z  WARN ThreadId(26) hotstuff_runner::smrol::network: ⚠️ [Check] Writer 3 -> 2 slow write: 8.306542ms
2026-08-07T05:08:03.303974Z  WARN ThreadId(25) hotstuff_runner::smrol::network: ⚠️ [Check] Writer 3 -> 0 slow write: 5.928375ms
2026-08-07T05:08:04.936910Z  WARN ThreadId(25) hotstuff_runner::smrol::network: ⚠️ [Check] Writer 3 -> 1 slow write: 5.869834ms
2026-08-07T05:08:06.498777Z  WARN ThreadId(21) hotstuff_runner::tcp_node: Node 3 view 411 timed out; latency may accumulate
2026-08-07T05:08:07.444768Z  WARN ThreadId(26) hotstuff_runner::smrol::network: ⚠️ [Check] Writer 3 -> 2 slow write: 12.873709ms
2026-08-07T05:08:08.062794Z  WARN ThreadId(03) docker_node:   Connection reuse ineffective (2.0 msg/conn)
2026-08-07T05:08:08.068776Z  WARN ThreadId(03) docker_node: Node 3 Regular transaction queue backlog: 187757 transactions
2026-08-07T05:08:08.294602Z  WARN ThreadId(26) hotstuff_runner::smrol::network: ⚠️ [Check] Writer 3 -> 1 slow write: 7.769ms
2026-08-07T05:08:08.295738Z  WARN ThreadId(25) hotstuff_runner::smrol::network: ⚠️ [Check] Writer 3 -> 0 slow write: 5.809875ms
2026-08-07T05:08:08.488915Z  WARN ThreadId(21) hotstuff_runner::tcp_node: Node 3 view 412 timed out; latency may accumulate
2026-08-07T05:08:09.104293Z  WARN ThreadId(26) hotstuff_runner::smrol::network: ⚠️ [Check] Writer 3 -> 1 slow write: 7.617708ms
2026-08-07T05:08:09.939182Z  WARN ThreadId(26) hotstuff_runner::smrol::network: ⚠️ [Check] Writer 3 -> 2 slow write: 7.896542ms
2026-08-07T05:08:10.556836Z  WARN ThreadId(25) hotstuff_runner::smrol::network: ⚠️ [Check] Writer 3 -> 0 slow write: 11.22375ms
2026-08-07T05:08:10.573384Z  WARN ThreadId(20) hotstuff_runner::app: Node 3 [produce_block] queue size: 263211, attempting up to 180000 transactions this block    
2026-08-07T05:08:10.575709Z  WARN ThreadId(21) hotstuff_runner::tcp_node: Node 3 view 413 timed out; latency may accumulate
2026-08-07T05:08:10.869482Z  WARN ThreadId(20) hotstuff_runner::app: Node 3 view(414) far exceeds block count (103); potential sync issue    
2026-08-07T05:08:12.822898Z  WARN ThreadId(26) hotstuff_runner::smrol::network: ⚠️ [Check] Writer 3 -> 2 slow write: 5.174709ms
2026-08-07T05:08:12.850971Z  WARN ThreadId(26) hotstuff_runner::smrol::network: ⚠️ [Check] Writer 3 -> 2 slow write: 23.160459ms
2026-08-07T05:08:13.065119Z  WARN ThreadId(05) docker_node:   Connection reuse ineffective (2.0 msg/conn)
2026-08-07T05:08:13.066837Z  WARN ThreadId(07) docker_node: Node 3 Regular transaction queue backlog: 84227 transactions
2026-08-07T05:08:13.222250Z  WARN ThreadId(25) hotstuff_runner::smrol::network: ⚠️ [Check] Writer 3 -> 2 slow write: 6.624583ms
2026-08-07T05:08:14.211605Z  WARN ThreadId(21) hotstuff_runner::tcp_node: Node 3 view 415 timed out; latency may accumulate
2026-08-07T05:08:16.401811Z  WARN ThreadId(21) hotstuff_runner::tcp_node: Node 3 view 416 timed out; latency may accumulate
2026-08-07T05:08:17.260733Z  WARN ThreadId(26) hotstuff_runner::smrol::network: ⚠️ [Check] Writer 3 -> 0 slow write: 6.045583ms
2026-08-07T05:08:18.062827Z  WARN ThreadId(07) docker_node:   Connection reuse ineffective (2.0 msg/conn)
2026-08-07T05:08:18.067040Z  WARN ThreadId(07) docker_node: Node 3 Regular transaction queue backlog: 235137 transactions
2026-08-07T05:08:18.101860Z  WARN ThreadId(25) hotstuff_runner::smrol::network: ⚠️ [Check] Writer 3 -> 2 slow write: 20.467666ms
2026-08-07T05:08:18.822924Z  WARN ThreadId(20) hotstuff_runner::app: Node 3 [produce_block] queue size: 257949, attempting up to 180000 transactions this block    
2026-08-07T05:08:18.825328Z  WARN ThreadId(21) hotstuff_runner::tcp_node: Node 3 view 417 timed out; latency may accumulate
2026-08-07T05:08:19.510882Z  WARN ThreadId(20) hotstuff_runner::app: Node 3 view(418) far exceeds block count (104); potential sync issue    
2026-08-07T05:08:19.766545Z  WARN ThreadId(25) hotstuff_runner::smrol::network: ⚠️ [Check] Writer 3 -> 2 slow write: 16.259084ms
2026-08-07T05:08:20.544935Z  WARN ThreadId(26) hotstuff_runner::smrol::network: ⚠️ [Check] Writer 3 -> 2 slow write: 9.242166ms
2026-08-07T05:08:20.952312Z  WARN ThreadId(21) hotstuff_runner::tcp_node: Node 3 view 418 timed out; latency may accumulate
2026-08-07T05:08:23.079109Z  WARN ThreadId(09) docker_node: Node 3 Regular transaction queue backlog: 115814 transactions
2026-08-07T05:08:23.079851Z  WARN ThreadId(09) docker_node:   Connection reuse ineffective (2.0 msg/conn)
2026-08-07T05:08:24.544124Z  WARN ThreadId(25) hotstuff_runner::smrol::network: ⚠️ [Check] Writer 3 -> 2 slow write: 10.402458ms
2026-08-07T05:08:24.545815Z  WARN ThreadId(26) hotstuff_runner::smrol::network: ⚠️ [Check] Writer 3 -> 1 slow write: 10.438417ms
2026-08-07T05:08:28.061912Z  WARN ThreadId(03) docker_node:   Connection reuse ineffective (2.0 msg/conn)
2026-08-07T05:08:28.065713Z  WARN ThreadId(03) docker_node: Node 3 Regular transaction queue backlog: 259705 transactions
2026-08-07T05:08:28.142471Z  WARN ThreadId(26) hotstuff_runner::smrol::network: ⚠️ [Check] Writer 3 -> 1 slow write: 6.3345ms
2026-08-07T05:08:28.739025Z  WARN ThreadId(25) hotstuff_runner::smrol::network: ⚠️ [Check] Writer 3 -> 2 slow write: 5.616375ms
2026-08-07T05:08:28.834455Z  WARN ThreadId(21) hotstuff_runner::tcp_node: Node 3 view 421 timed out; latency may accumulate
2026-08-07T05:08:29.341755Z  WARN ThreadId(20) hotstuff_runner::app: Node 3 [produce_block] queue size: 321122, attempting up to 180000 transactions this block    
2026-08-07T05:08:29.688598Z  WARN ThreadId(20) hotstuff_runner::app: Node 3 view(422) far exceeds block count (105); potential sync issue    
2026-08-07T05:08:30.088230Z  WARN ThreadId(26) hotstuff_runner::smrol::network: ⚠️ [Check] Writer 3 -> 1 slow write: 11.042084ms
2026-08-07T05:08:30.095291Z  WARN ThreadId(25) hotstuff_runner::smrol::network: ⚠️ [Check] Writer 3 -> 0 slow write: 18.22ms
2026-08-07T05:08:31.224822Z  WARN ThreadId(25) hotstuff_runner::smrol::network: ⚠️ [Check] Writer 3 -> 2 slow write: 13.419084ms
2026-08-07T05:08:32.596095Z  WARN ThreadId(21) hotstuff_runner::tcp_node: Node 3 view 422 timed out; latency may accumulate
2026-08-07T05:08:33.062281Z  WARN ThreadId(02) docker_node:   Connection reuse ineffective (2.0 msg/conn)
2026-08-07T05:08:33.066153Z  WARN ThreadId(09) docker_node: Node 3 Regular transaction queue backlog: 149896 transactions
2026-08-07T05:08:33.538111Z  WARN ThreadId(26) hotstuff_runner::smrol::network: ⚠️ [Check] Writer 3 -> 0 slow write: 5.646833ms
2026-08-07T05:08:34.595883Z  WARN ThreadId(21) hotstuff_runner::tcp_node: Node 3 view 423 timed out; latency may accumulate
2026-08-07T05:08:35.179819Z  WARN ThreadId(26) hotstuff_runner::smrol::network: ⚠️ [Check] Writer 3 -> 0 slow write: 5.873791ms
2026-08-07T05:08:35.180374Z  WARN ThreadId(25) hotstuff_runner::smrol::network: ⚠️ [Check] Writer 3 -> 2 slow write: 11.356417ms
2026-08-07T05:08:36.602754Z  WARN ThreadId(21) hotstuff_runner::tcp_node: Node 3 view 424 timed out; latency may accumulate
2026-08-07T05:08:38.061141Z  WARN ThreadId(02) docker_node:   Connection reuse ineffective (2.0 msg/conn)
2026-08-07T05:08:38.065062Z  WARN ThreadId(02) docker_node: Node 3 Regular transaction queue backlog: 149896 transactions
2026-08-07T05:08:38.622696Z  WARN ThreadId(21) hotstuff_runner::tcp_node: Node 3 view 425 timed out; latency may accumulate
2026-08-07T05:08:38.623231Z  WARN ThreadId(25) hotstuff_runner::smrol::network: ⚠️ [Check] Writer 3 -> 1 slow write: 13.303ms
2026-08-07T05:08:38.623908Z  WARN ThreadId(26) hotstuff_runner::smrol::network: ⚠️ [Check] Writer 3 -> 2 slow write: 11.02325ms
2026-08-07T05:08:39.392917Z  WARN ThreadId(20) hotstuff_runner::app: Node 3 [produce_block] queue size: 149896, attempting up to 149896 transactions this block    
2026-08-07T05:08:39.577568Z  WARN ThreadId(20) hotstuff_runner::app: Node 3 view(426) far exceeds block count (106); potential sync issue    
2026-08-07T05:08:40.251910Z  WARN ThreadId(26) hotstuff_runner::smrol::network: ⚠️ [Check] Writer 3 -> 2 slow write: 6.464584ms
2026-08-07T05:08:41.158768Z  WARN ThreadId(26) hotstuff_runner::smrol::network: ⚠️ [Check] Writer 3 -> 0 slow write: 9.009625ms
2026-08-07T05:08:41.965171Z  WARN ThreadId(26) hotstuff_runner::smrol::network: ⚠️ [Check] Writer 3 -> 2 slow write: 5.896333ms
2026-08-07T05:08:43.061316Z  WARN ThreadId(03) docker_node:   Connection reuse ineffective (2.0 msg/conn)
2026-08-07T05:08:43.637351Z  WARN ThreadId(25) hotstuff_runner::smrol::network: ⚠️ [Check] Writer 3 -> 1 slow write: 5.944792ms
2026-08-07T05:08:44.647863Z  WARN ThreadId(21) hotstuff_runner::tcp_node: Node 3 view 427 timed out; latency may accumulate
2026-08-07T05:08:47.869759Z  WARN ThreadId(25) hotstuff_runner::smrol::network: ⚠️ [Check] Writer 3 -> 1 slow write: 8.834958ms
2026-08-07T05:08:48.060967Z  WARN ThreadId(03) docker_node:   Connection reuse ineffective (2.0 msg/conn)
2026-08-07T05:08:48.645922Z  WARN ThreadId(21) hotstuff_runner::tcp_node: Node 3 view 429 timed out; latency may accumulate
2026-08-07T05:08:49.197656Z  WARN ThreadId(20) hotstuff_runner::app: Node 3 [produce_block] queue size: 0, attempting up to 0 transactions this block    
2026-08-07T05:08:49.200545Z  WARN ThreadId(20) hotstuff_runner::app: Node 3 view(430) far exceeds block count (107); potential sync issue    
2026-08-07T05:08:52.777850Z  WARN ThreadId(26) hotstuff_runner::smrol::network: ⚠️ [Check] Writer 3 -> 2 slow write: 12.276667ms
2026-08-07T05:08:53.060809Z  WARN ThreadId(03) docker_node:   Connection reuse ineffective (2.0 msg/conn)
2026-08-07T05:08:54.657184Z  WARN ThreadId(21) hotstuff_runner::tcp_node: Node 3 view 432 timed out; latency may accumulate
2026-08-07T05:08:58.060652Z  WARN ThreadId(02) docker_node:   Connection reuse ineffective (2.0 msg/conn)
2026-08-07T05:08:58.676083Z  WARN ThreadId(20) hotstuff_runner::app: Node 3 [produce_block] queue size: 0, attempting up to 0 transactions this block    
2026-08-07T05:08:58.691639Z  WARN ThreadId(20) hotstuff_runner::app: Node 3 view(434) far exceeds block count (108); potential sync issue    
2026-08-07T05:08:58.696604Z  WARN ThreadId(21) hotstuff_runner::tcp_node: Node 3 view 434 timed out; latency may accumulate
2026-08-07T05:09:00.703250Z  WARN ThreadId(21) hotstuff_runner::tcp_node: Node 3 view 435 timed out; latency may accumulate
2026-08-07T05:09:01.194780Z  WARN ThreadId(25) hotstuff_runner::smrol::network: ⚠️ [Check] Writer 3 -> 0 slow write: 50.913083ms
2026-08-07T05:09:02.702244Z  WARN ThreadId(21) hotstuff_runner::tcp_node: Node 3 view 436 timed out; latency may accumulate
2026-08-07T05:09:03.068597Z  WARN ThreadId(03) docker_node: Low processing efficiency: 0.0% - system may need tuning
2026-08-07T05:09:03.073325Z  WARN ThreadId(03) docker_node:   Connection reuse ineffective (2.0 msg/conn)
2026-08-07T05:09:04.695735Z  WARN ThreadId(25) hotstuff_runner::smrol::network: ⚠️ [Check] Writer 3 -> 1 slow write: 5.444833ms
2026-08-07T05:09:04.707507Z  WARN ThreadId(20) hotstuff_runner::app: Node 3 [produce_block] queue size: 0, attempting up to 0 transactions this block    
2026-08-07T05:09:04.713737Z  WARN ThreadId(20) hotstuff_runner::app: Node 3 view(438) far exceeds block count (109); potential sync issue    
2026-08-07T05:09:04.707521Z  WARN ThreadId(21) hotstuff_runner::tcp_node: Node 3 view 437 timed out; latency may accumulate
2026-08-07T05:09:05.617688Z  WARN ThreadId(25) hotstuff_runner::smrol::network: ⚠️ [Check] Writer 3 -> 2 slow write: 10.584375ms
2026-08-07T05:09:06.715050Z  WARN ThreadId(21) hotstuff_runner::tcp_node: Node 3 view 438 timed out; latency may accumulate
2026-08-07T05:09:08.060797Z  WARN ThreadId(09) docker_node: Low processing efficiency: 0.0% - system may need tuning
2026-08-07T05:09:08.063012Z  WARN ThreadId(09) docker_node:   Connection reuse ineffective (2.0 msg/conn)
2026-08-07T05:09:09.004283Z  WARN ThreadId(26) hotstuff_runner::smrol::network: ⚠️ [Check] Writer 3 -> 1 slow write: 10.243875ms
2026-08-07T05:09:09.772174Z  WARN ThreadId(25) hotstuff_runner::smrol::network: ⚠️ [Check] Writer 3 -> 1 slow write: 8.085959ms
2026-08-07T05:09:10.720314Z  WARN ThreadId(21) hotstuff_runner::tcp_node: Node 3 view 440 timed out; latency may accumulate
2026-08-07T05:09:13.060793Z  WARN ThreadId(09) docker_node: Low processing efficiency: 0.0% - system may need tuning
2026-08-07T05:09:13.061414Z  WARN ThreadId(09) docker_node:   Connection reuse ineffective (2.0 msg/conn)
2026-08-07T05:09:14.110798Z  WARN ThreadId(20) hotstuff_runner::app: Node 3 [produce_block] queue size: 0, attempting up to 0 transactions this block    
2026-08-07T05:09:14.111101Z  WARN ThreadId(20) hotstuff_runner::app: Node 3 view(442) far exceeds block count (110); potential sync issue    
2026-08-07T05:09:14.807302Z  WARN ThreadId(21) hotstuff_runner::tcp_node: Node 3 view 442 timed out; latency may accumulate
2026-08-07T05:09:18.060619Z  WARN ThreadId(02) docker_node: Low processing efficiency: 0.0% - system may need tuning
2026-08-07T05:09:18.061063Z  WARN ThreadId(02) docker_node:   Connection reuse ineffective (2.0 msg/conn)
2026-08-07T05:09:18.206137Z  WARN ThreadId(26) hotstuff_runner::smrol::network: ⚠️ [Check] Writer 3 -> 1 slow write: 6.16575ms
2026-08-07T05:09:19.598209Z  WARN ThreadId(21) hotstuff_runner::tcp_node: Node 3 view 443 timed out; latency may accumulate
2026-08-07T05:09:19.867126Z  WARN ThreadId(25) hotstuff_runner::smrol::network: ⚠️ [Check] Writer 3 -> 1 slow write: 5.946542ms
2026-08-07T05:09:23.055502Z  WARN ThreadId(02) docker_node: Low processing efficiency: 0.0% - system may need tuning
2026-08-07T05:09:23.057140Z  WARN ThreadId(02) docker_node:   Connection reuse ineffective (2.0 msg/conn)
2026-08-07T05:09:23.470853Z  WARN ThreadId(16) hotstuff_runner::tokio_network: Received abnormal length 12659178 from 172.20.0.4:57400; dropping connection
2026-08-07T05:09:28.055675Z  WARN ThreadId(02) docker_node: Low processing efficiency: 0.0% - system may need tuning
2026-08-07T05:09:28.058220Z  WARN ThreadId(02) docker_node:   Connection reuse ineffective (2.0 msg/conn)
2026-08-07T05:09:33.057491Z  WARN ThreadId(02) docker_node: Low processing efficiency: 0.0% - system may need tuning
2026-08-07T05:09:33.057991Z  WARN ThreadId(02) docker_node:   Connection reuse ineffective (2.0 msg/conn)
2026-08-07T05:09:35.578056Z  WARN ThreadId(25) hotstuff_runner::smrol::network: ⚠️ [Check] Writer 3 -> 2 slow write: 9.700833ms
2026-08-07T05:09:37.307426Z  WARN ThreadId(26) hotstuff_runner::smrol::network: ⚠️ [Check] Writer 3 -> 2 slow write: 7.950875ms
2026-08-07T05:09:37.308127Z  WARN ThreadId(25) hotstuff_runner::smrol::network: ⚠️ [Check] Writer 3 -> 1 slow write: 24.092041ms
2026-08-07T05:09:38.054797Z  WARN ThreadId(09) docker_node: Low processing efficiency: 0.0% - system may need tuning
2026-08-07T05:09:38.056875Z  WARN ThreadId(09) docker_node:   Connection reuse ineffective (2.0 msg/conn)
2026-08-07T05:09:43.058113Z  WARN ThreadId(03) docker_node: Low processing efficiency: 0.0% - system may need tuning
2026-08-07T05:09:43.059097Z  WARN ThreadId(03) docker_node:   Connection reuse ineffective (2.0 msg/conn)
2026-08-07T05:09:47.981065Z  WARN ThreadId(25) hotstuff_runner::smrol::network: ⚠️ [Check] Writer 3 -> 1 slow write: 10.733708ms
2026-08-07T05:09:47.981633Z  WARN ThreadId(26) hotstuff_runner::smrol::network: ⚠️ [Check] Writer 3 -> 0 slow write: 8.708833ms
2026-08-07T05:09:48.055476Z  WARN ThreadId(09) docker_node: Low processing efficiency: 0.0% - system may need tuning
2026-08-07T05:09:48.058444Z  WARN ThreadId(09) docker_node:   Connection reuse ineffective (2.0 msg/conn)
2026-08-07T05:09:53.064122Z  WARN ThreadId(02) docker_node: Low processing efficiency: 0.0% - system may need tuning
2026-08-07T05:09:53.065253Z  WARN ThreadId(02) docker_node:   Connection reuse ineffective (2.0 msg/conn)
2026-08-07T05:09:54.642099Z  WARN ThreadId(26) hotstuff_runner::smrol::network: ⚠️ [Check] Writer 3 -> 2 slow write: 8.127333ms
2026-08-07T05:09:56.970840Z  WARN ThreadId(26) hotstuff_runner::smrol::network: ⚠️ [Check] Writer 3 -> 1 slow write: 10.074625ms
2026-08-07T05:09:58.064183Z  WARN ThreadId(09) docker_node: Low processing efficiency: 0.0% - system may need tuning
2026-08-07T05:09:58.064439Z  WARN ThreadId(09) docker_node:   Connection reuse ineffective (2.0 msg/conn)
2026-08-07T05:09:58.068195Z  WARN ThreadId(02) docker_node: Node 3 Regular transaction queue backlog: 38604 transactions
2026-08-07T05:10:01.936619Z  WARN ThreadId(26) hotstuff_runner::smrol::network: ⚠️ [Check] Writer 3 -> 1 slow write: 6.838667ms
2026-08-07T05:10:03.064018Z  WARN ThreadId(09) docker_node: Low processing efficiency: 0.0% - system may need tuning
2026-08-07T05:10:03.065131Z  WARN ThreadId(09) docker_node:   Connection reuse ineffective (2.0 msg/conn)
2026-08-07T05:10:03.066870Z  WARN ThreadId(02) docker_node: Node 3 Regular transaction queue backlog: 159683 transactions
2026-08-07T05:10:08.064078Z  WARN ThreadId(02) docker_node: Low processing efficiency: 0.0% - system may need tuning
2026-08-07T05:10:08.066538Z  WARN ThreadId(02) docker_node:   Connection reuse ineffective (2.0 msg/conn)
2026-08-07T05:10:08.066967Z  WARN ThreadId(02) docker_node: Node 3 Regular transaction queue backlog: 159683 transactions
2026-08-07T05:10:11.001227Z  WARN ThreadId(26) hotstuff_runner::smrol::network: ⚠️ [Check] Writer 3 -> 0 slow write: 5.568125ms
2026-08-07T05:10:11.001297Z  WARN ThreadId(25) hotstuff_runner::smrol::network: ⚠️ [Check] Writer 3 -> 1 slow write: 6.821958ms
2026-08-07T05:10:13.063962Z  WARN ThreadId(05) docker_node: Low processing efficiency: 0.0% - system may need tuning
2026-08-07T05:10:13.064874Z  WARN ThreadId(05) docker_node:   Connection reuse ineffective (2.0 msg/conn)
2026-08-07T05:10:13.067857Z  WARN ThreadId(05) docker_node: Node 3 Regular transaction queue backlog: 159683 transactions
2026-08-07T05:10:18.068126Z  WARN ThreadId(05) docker_node: Node 3 Regular transaction queue backlog: 159683 transactions
2026-08-07T05:10:18.068380Z  WARN ThreadId(09) docker_node: Low processing efficiency: 0.0% - system may need tuning
2026-08-07T05:10:18.073764Z  WARN ThreadId(09) docker_node:   Connection reuse ineffective (2.0 msg/conn)
2026-08-07T05:10:23.064303Z  WARN ThreadId(09) docker_node: Low processing efficiency: 0.0% - system may need tuning
2026-08-07T05:10:23.064715Z  WARN ThreadId(09) docker_node:   Connection reuse ineffective (2.0 msg/conn)
2026-08-07T05:10:23.067802Z  WARN ThreadId(09) docker_node: Node 3 Regular transaction queue backlog: 219344 transactions
2026-08-07T05:10:24.357293Z  WARN ThreadId(26) hotstuff_runner::smrol::network: ⚠️ [Check] Writer 3 -> 1 slow write: 51.365375ms
2026-08-07T05:10:26.982354Z  WARN ThreadId(26) hotstuff_runner::smrol::network: ⚠️ [Check] Writer 3 -> 0 slow write: 8.345458ms
2026-08-07T05:10:28.064070Z  WARN ThreadId(05) docker_node: Low processing efficiency: 0.0% - system may need tuning
2026-08-07T05:10:28.065266Z  WARN ThreadId(05) docker_node:   Connection reuse ineffective (2.0 msg/conn)
2026-08-07T05:10:28.067892Z  WARN ThreadId(05) docker_node: Node 3 Regular transaction queue backlog: 375518 transactions
2026-08-07T05:10:33.064380Z  WARN ThreadId(06) docker_node: Low processing efficiency: 0.0% - system may need tuning
2026-08-07T05:10:33.066155Z  WARN ThreadId(06) docker_node:   Connection reuse ineffective (2.0 msg/conn)
2026-08-07T05:10:33.069039Z  WARN ThreadId(09) docker_node: Node 3 Regular transaction queue backlog: 524672 transactions
2026-08-07T05:10:38.063886Z  WARN ThreadId(06) docker_node: Low processing efficiency: 0.0% - system may need tuning
2026-08-07T05:10:38.064903Z  WARN ThreadId(06) docker_node:   Connection reuse ineffective (2.0 msg/conn)
2026-08-07T05:10:38.067800Z  WARN ThreadId(06) docker_node: Node 3 Regular transaction queue backlog: 524672 transactions
2026-08-07T05:10:43.062818Z  WARN ThreadId(09) docker_node: Low processing efficiency: 0.0% - system may need tuning
2026-08-07T05:10:43.063225Z  WARN ThreadId(09) docker_node:   Connection reuse ineffective (2.0 msg/conn)
2026-08-07T05:10:43.067796Z  WARN ThreadId(09) docker_node: Node 3 Regular transaction queue backlog: 524672 transactions
2026-08-07T05:10:48.063902Z  WARN ThreadId(09) docker_node: Low processing efficiency: 0.0% - system may need tuning
2026-08-07T05:10:48.065714Z  WARN ThreadId(09) docker_node:   Connection reuse ineffective (2.0 msg/conn)
2026-08-07T05:10:48.067684Z  WARN ThreadId(09) docker_node: Node 3 Regular transaction queue backlog: 524672 transactions
2026-08-07T05:10:53.064348Z  WARN ThreadId(06) docker_node: Low processing efficiency: 0.0% - system may need tuning
2026-08-07T05:10:53.064991Z  WARN ThreadId(06) docker_node:   Connection reuse ineffective (2.0 msg/conn)
2026-08-07T05:10:53.068307Z  WARN ThreadId(06) docker_node: Node 3 Regular transaction queue backlog: 524672 transactions
2026-08-07T05:10:53.198085Z  WARN ThreadId(25) hotstuff_runner::smrol::network: ⚠️ [Check] Writer 3 -> 1 slow write: 5.759833ms
2026-08-07T05:10:58.063386Z  WARN ThreadId(02) docker_node: Low processing efficiency: 0.0% - system may need tuning
2026-08-07T05:10:58.063834Z  WARN ThreadId(02) docker_node:   Connection reuse ineffective (2.0 msg/conn)
2026-08-07T05:10:58.068917Z  WARN ThreadId(02) docker_node: Node 3 Regular transaction queue backlog: 524672 transactions
2026-08-07T05:11:03.064391Z  WARN ThreadId(06) docker_node: Low processing efficiency: 0.0% - system may need tuning
2026-08-07T05:11:03.064657Z  WARN ThreadId(06) docker_node:   Connection reuse ineffective (2.0 msg/conn)
2026-08-07T05:11:03.071173Z  WARN ThreadId(02) docker_node: Node 3 Regular transaction queue backlog: 524672 transactions
2026-08-07T05:11:08.066373Z  WARN ThreadId(02) docker_node: Low processing efficiency: 0.0% - system may need tuning
2026-08-07T05:11:08.066786Z  WARN ThreadId(02) docker_node:   Connection reuse ineffective (2.0 msg/conn)
2026-08-07T05:11:08.067343Z  WARN ThreadId(02) docker_node: Node 3 Regular transaction queue backlog: 524672 transactions
