2026-08-06T11:44:07.863184Z  INFO ThreadId(01) client: [logger] client logging initialized with filter 'info'
2026-08-06T11:44:07.863588Z  INFO ThreadId(01) client: [client] transaction send mode: Smrol
2026-08-06T11:44:07.863736Z  INFO ThreadId(01) client: [client] starting separated-state client: load_tester_001
2026-08-06T11:44:07.864007Z  INFO ThreadId(01) client: [client] individual latency logging: disabled (aggregate summaries only); warm-up=5 s; aggregate interval=100 consensus samples
2026-08-06T11:44:07.864155Z  INFO ThreadId(01) client: [client] initializing core: load_tester_001
2026-08-06T11:44:07.864567Z  INFO ThreadId(01) client: [client] waiting for consensus nodes to start...
2026-08-06T11:44:27.871960Z  INFO ThreadId(01) client: [client] establishing persistent connections to all nodes...
2026-08-06T11:44:27.874031Z  INFO ThreadId(01) client: Resolved address for node 0: node0:9000
2026-08-06T11:44:27.874356Z  INFO ThreadId(01) client: [client] establishing persistent connection to node 0: node0:9000
2026-08-06T11:44:27.892324Z  WARN ThreadId(01) client: [client] failed to connect to node 0 on attempt 1/10: Connection refused (os error 111); retrying in 500 ms
2026-08-06T11:44:28.395301Z  INFO ThreadId(01) client: Resolved address for node 0: node0:9000
2026-08-06T11:44:28.397759Z  INFO ThreadId(01) client: [client] establishing persistent connection to node 0: node0:9000
2026-08-06T11:44:28.402905Z  INFO ThreadId(07) client: [client] starting response receiver for node 0
2026-08-06T11:44:28.402975Z  INFO ThreadId(01) client: [client] established persistent connection to node 0
2026-08-06T11:44:28.403259Z  INFO ThreadId(01) client: [client] connected to node 0 on attempt 2/10
2026-08-06T11:44:28.403384Z  INFO ThreadId(01) client: Resolved address for node 1: node1:9000
2026-08-06T11:44:28.403442Z  INFO ThreadId(01) client: [client] establishing persistent connection to node 1: node1:9000
2026-08-06T11:44:28.404178Z  INFO ThreadId(01) client: [client] established persistent connection to node 1
2026-08-06T11:44:28.404250Z  INFO ThreadId(01) client: [client] connected to node 1 on attempt 1/10
2026-08-06T11:44:28.404303Z  INFO ThreadId(01) client: Resolved address for node 2: node2:9000
2026-08-06T11:44:28.404373Z  INFO ThreadId(01) client: [client] establishing persistent connection to node 2: node2:9000
2026-08-06T11:44:28.405229Z  INFO ThreadId(01) client: [client] established persistent connection to node 2
2026-08-06T11:44:28.405300Z  INFO ThreadId(01) client: [client] connected to node 2 on attempt 1/10
2026-08-06T11:44:28.405352Z  INFO ThreadId(01) client: Resolved address for node 3: node3:9000
2026-08-06T11:44:28.405402Z  INFO ThreadId(01) client: [client] establishing persistent connection to node 3: node3:9000
2026-08-06T11:44:28.405514Z  INFO ThreadId(09) client: [client] starting response receiver for node 1
2026-08-06T11:44:28.405736Z  INFO ThreadId(07) client: [client] starting response receiver for node 2
2026-08-06T11:44:28.409354Z  INFO ThreadId(01) client: [client] established persistent connection to node 3
2026-08-06T11:44:28.409459Z  INFO ThreadId(01) client: [client] connected to node 3 on attempt 1/10
2026-08-06T11:44:28.409518Z  INFO ThreadId(01) client: [client] established 4 persistent connections
2026-08-06T11:44:28.409571Z  INFO ThreadId(01) client: [client] target TPS: 400 x n
2026-08-06T11:44:28.409617Z  INFO ThreadId(07) client: [client] starting response receiver for node 3
2026-08-06T11:44:28.409620Z  INFO ThreadId(01) client: [client] consensus-only warm-up for 5 s; no transactions will be sent
2026-08-06T11:44:33.412323Z  INFO ThreadId(01) client: [client] consensus-only warm-up complete; starting load test
2026-08-06T11:44:33.413308Z  INFO ThreadId(01) client: [load-test] starting load test - target TPS: 400, duration: 100 s
2026-08-06T11:44:33.413596Z  INFO ThreadId(01) client: [load-test] overriding batch size via ORDERING_BATCH_SIZE=20000
2026-08-06T11:44:33.414346Z  INFO ThreadId(01) client: [load-test] dispatching one batch per interval in round-robin order across 4 nodes; aggregate client rate does not scale with node count
2026-08-06T11:44:33.415244Z  INFO ThreadId(01) client: [client-stats] first generated batch: physical txs=1, total bincode tx bytes=120048, avg tx bytes=120048.0
2026-08-06T11:45:02.202337Z  INFO ThreadId(03) client: [latency] ============= aggregate latency report =============
2026-08-06T11:45:02.202698Z  INFO ThreadId(03) client: [latency] warm-up: consensus-only, no client transactions, duration=5 s
2026-08-06T11:45:02.202868Z  INFO ThreadId(03) client: [latency] excluded warm-up transactions=0
2026-08-06T11:45:02.202971Z  INFO ThreadId(03) client: [ordering] latency statistics (samples: 112):
2026-08-06T11:45:02.203040Z  INFO ThreadId(03) client:   Average: 55.55 ms
2026-08-06T11:45:02.203098Z  INFO ThreadId(03) client:   P50: 38.471 ms
2026-08-06T11:45:02.203152Z  INFO ThreadId(03) client:   P95: 144.451 ms
2026-08-06T11:45:02.203205Z  INFO ThreadId(03) client:   P99: 302.369 ms
2026-08-06T11:45:02.203272Z  INFO ThreadId(03) client: [consensus] latency statistics (samples: 101):
2026-08-06T11:45:02.203328Z  INFO ThreadId(03) client:   Average: 1383.66 ms
2026-08-06T11:45:02.203406Z  INFO ThreadId(03) client:   P50: 861.973 ms
2026-08-06T11:45:02.203458Z  INFO ThreadId(03) client:   P95: 3599.703 ms
2026-08-06T11:45:02.203507Z  INFO ThreadId(03) client:   P99: 3936.311 ms
2026-08-06T11:45:02.203575Z  INFO ThreadId(03) client: [pushed2hotstuff->consensus] latency statistics (samples: 101):
2026-08-06T11:45:02.203627Z  INFO ThreadId(03) client:   Average: 1325.53 ms
2026-08-06T11:45:02.203678Z  INFO ThreadId(03) client:   P50: 814.333 ms
2026-08-06T11:45:02.203776Z  INFO ThreadId(03) client:   P95: 3566.164 ms
2026-08-06T11:45:02.203843Z  INFO ThreadId(03) client:   P99: 3900.688 ms
2026-08-06T11:45:02.203903Z  INFO ThreadId(03) client: [latency] comparison analysis:
2026-08-06T11:45:02.203962Z  INFO ThreadId(03) client:   Ordering average: 55.55 ms
2026-08-06T11:45:02.204020Z  INFO ThreadId(03) client:   Consensus average: 1383.66 ms
2026-08-06T11:45:02.204083Z  INFO ThreadId(03) client:   Consensus/Ordering ratio: 24.91x
2026-08-06T11:45:02.204141Z  INFO ThreadId(03) client:   Pushed2HotStuff->Consensus average: 1325.53 ms
2026-08-06T11:45:02.205060Z  INFO ThreadId(03) client: 📊 ==========================================
2026-08-06T11:45:32.863957Z  INFO ThreadId(03) client: [latency] ============= aggregate latency report =============
2026-08-06T11:45:32.864465Z  INFO ThreadId(03) client: [latency] warm-up: consensus-only, no client transactions, duration=5 s
2026-08-06T11:45:32.864613Z  INFO ThreadId(03) client: [latency] excluded warm-up transactions=0
2026-08-06T11:45:32.864816Z  INFO ThreadId(03) client: [ordering] latency statistics (samples: 209):
2026-08-06T11:45:32.865036Z  INFO ThreadId(03) client:   Average: 53.44 ms
2026-08-06T11:45:32.865214Z  INFO ThreadId(03) client:   P50: 42.074 ms
2026-08-06T11:45:32.865313Z  INFO ThreadId(03) client:   P95: 102.047 ms
2026-08-06T11:45:32.866160Z  INFO ThreadId(03) client:   P99: 217.18 ms
2026-08-06T11:45:32.866499Z  INFO ThreadId(03) client: [consensus] latency statistics (samples: 203):
2026-08-06T11:45:32.866800Z  INFO ThreadId(03) client:   Average: 3001.45 ms
2026-08-06T11:45:32.867334Z  INFO ThreadId(03) client:   P50: 2436.17 ms
2026-08-06T11:45:32.867670Z  INFO ThreadId(03) client:   P95: 7576.352 ms
2026-08-06T11:45:32.868119Z  INFO ThreadId(03) client:   P99: 9473.08 ms
2026-08-06T11:45:32.868492Z  INFO ThreadId(03) client: [pushed2hotstuff->consensus] latency statistics (samples: 203):
2026-08-06T11:45:32.868869Z  INFO ThreadId(03) client:   Average: 2946.59 ms
2026-08-06T11:45:32.869145Z  INFO ThreadId(03) client:   P50: 2362.296 ms
2026-08-06T11:45:32.873815Z  INFO ThreadId(03) client:   P95: 7516.39 ms
2026-08-06T11:45:32.886975Z  INFO ThreadId(03) client:   P99: 9424.946 ms
2026-08-06T11:45:32.890019Z  INFO ThreadId(03) client: [latency] comparison analysis:
2026-08-06T11:45:32.890257Z  INFO ThreadId(03) client:   Ordering average: 53.44 ms
2026-08-06T11:45:32.890471Z  INFO ThreadId(03) client:   Consensus average: 3001.45 ms
2026-08-06T11:45:32.890842Z  INFO ThreadId(03) client:   Consensus/Ordering ratio: 56.17x
2026-08-06T11:45:32.890991Z  INFO ThreadId(03) client:   Pushed2HotStuff->Consensus average: 2946.59 ms
2026-08-06T11:45:32.895645Z  INFO ThreadId(03) client: 📊 ==========================================
2026-08-06T11:47:59.349529Z  INFO ThreadId(01) client: [client] shutdown signal received during load test
2026-08-06T11:47:59.353825Z  INFO ThreadId(01) client: [latency] final summary before client exit
2026-08-06T11:47:59.354851Z  INFO ThreadId(01) client: [latency] ============= aggregate latency report =============
2026-08-06T11:47:59.357266Z  INFO ThreadId(01) client: [latency] warm-up: consensus-only, no client transactions, duration=5 s
2026-08-06T11:47:59.358290Z  INFO ThreadId(01) client: [latency] excluded warm-up transactions=0
2026-08-06T11:47:59.360945Z  INFO ThreadId(01) client: [ordering] latency statistics (samples: 358):
2026-08-06T11:47:59.361470Z  INFO ThreadId(01) client:   Average: 71.96 ms
2026-08-06T11:47:59.361593Z  INFO ThreadId(01) client:   P50: 46.917 ms
2026-08-06T11:47:59.361705Z  INFO ThreadId(01) client:   P95: 224.352 ms
2026-08-06T11:47:59.361771Z  INFO ThreadId(01) client:   P99: 366.546 ms
2026-08-06T11:47:59.361860Z  INFO ThreadId(01) client: [consensus] latency statistics (samples: 252):
2026-08-06T11:47:59.362471Z  INFO ThreadId(01) client:   Average: 3825.82 ms
2026-08-06T11:47:59.362762Z  INFO ThreadId(01) client:   P50: 3141.84 ms
2026-08-06T11:47:59.362922Z  INFO ThreadId(01) client:   P95: 9940.825 ms
2026-08-06T11:47:59.363089Z  INFO ThreadId(01) client:   P99: 11188.758 ms
2026-08-06T11:47:59.363372Z  INFO ThreadId(01) client: [pushed2hotstuff->consensus] latency statistics (samples: 252):
2026-08-06T11:47:59.363644Z  INFO ThreadId(01) client:   Average: 3772.73 ms
2026-08-06T11:47:59.364062Z  INFO ThreadId(01) client:   P50: 3102.738 ms
2026-08-06T11:47:59.364200Z  INFO ThreadId(01) client:   P95: 9897.596 ms
2026-08-06T11:47:59.364300Z  INFO ThreadId(01) client:   P99: 11154.987 ms
2026-08-06T11:47:59.364447Z  INFO ThreadId(01) client: [latency] comparison analysis:
2026-08-06T11:47:59.364925Z  INFO ThreadId(01) client:   Ordering average: 71.96 ms
2026-08-06T11:47:59.365093Z  INFO ThreadId(01) client:   Consensus average: 3825.82 ms
2026-08-06T11:47:59.365207Z  INFO ThreadId(01) client:   Consensus/Ordering ratio: 53.16x
2026-08-06T11:47:59.365326Z  INFO ThreadId(01) client:   Pushed2HotStuff->Consensus average: 3772.73 ms
2026-08-06T11:47:59.365442Z  INFO ThreadId(01) client: 📊 ==========================================
